11:39:08 **** Auto Build of configuration Debug for project FSBL ****
make all 
'Building file: D:/TRENZ_TE0808/TE0808_Ethernet_2018.2/StarterKit/workspace/sdk/zusys_wrapper_hw_platform_0/psu_init.c'
'Invoking: ARM v8 gcc compiler'
aarch64-none-elf-gcc -DARMA53_64 -DFSBL_DEBUG_INFO -Wall -O0 -g3 -I"D:\TRENZ_TE0808\TE0808_Ethernet_2018.2\StarterKit\workspace\sdk\zusys_wrapper_hw_platform_0" -c -fmessage-length=0 -MT"src/psu_init.o" -Os -flto -ffat-lto-objects -I../../FSBL_bsp/psu_cortexa53_0/include -MMD -MP -MF"src/psu_init.d" -MT"src/psu_init.o" -o "src/psu_init.o" "D:/TRENZ_TE0808/TE0808_Ethernet_2018.2/StarterKit/workspace/sdk/zusys_wrapper_hw_platform_0/psu_init.c"
D:/TRENZ_TE0808/TE0808_Ethernet_2018.2/StarterKit/workspace/sdk/zusys_wrapper_hw_platform_0/psu_init.c:21505:13: warning: 'dpll_prog' defined but not used [-Wunused-function]
 static void dpll_prog(int ddr_pll_fbdiv, int d_lock_dly, int d_lock_cnt,
             ^~~~~~~~~
'Finished building: D:/TRENZ_TE0808/TE0808_Ethernet_2018.2/StarterKit/workspace/sdk/zusys_wrapper_hw_platform_0/psu_init.c'
' '
'Building file: ../src/xfsbl_handoff.c'
'Invoking: ARM v8 gcc compiler'
aarch64-none-elf-gcc -DARMA53_64 -DFSBL_DEBUG_INFO -Wall -O0 -g3 -I"D:\TRENZ_TE0808\TE0808_Ethernet_2018.2\StarterKit\workspace\sdk\zusys_wrapper_hw_platform_0" -c -fmessage-length=0 -MT"src/xfsbl_handoff.o" -Os -flto -ffat-lto-objects -I../../FSBL_bsp/psu_cortexa53_0/include -MMD -MP -MF"src/xfsbl_handoff.d" -MT"src/xfsbl_handoff.o" -o "src/xfsbl_handoff.o" "../src/xfsbl_handoff.c"
In file included from ../src/xfsbl_main.h:67:0,
                 from ../src/xfsbl_handoff.c:63:
../../FSBL_bsp/psu_cortexa53_0/include/xtime_l.h:81:9: note: #pragma message: For the sleep routines, Global timer is being used
 #pragma message ("For the sleep routines, Global timer is being used")
         ^~~~~~~
'Finished building: ../src/xfsbl_handoff.c'
' '
'Building file: ../src/xfsbl_hooks.c'
'Invoking: ARM v8 gcc compiler'
aarch64-none-elf-gcc -DARMA53_64 -DFSBL_DEBUG_INFO -Wall -O0 -g3 -I"D:\TRENZ_TE0808\TE0808_Ethernet_2018.2\StarterKit\workspace\sdk\zusys_wrapper_hw_platform_0" -c -fmessage-length=0 -MT"src/xfsbl_hooks.o" -Os -flto -ffat-lto-objects -I../../FSBL_bsp/psu_cortexa53_0/include -MMD -MP -MF"src/xfsbl_hooks.d" -MT"src/xfsbl_hooks.o" -o "src/xfsbl_hooks.o" "../src/xfsbl_hooks.c"
'Finished building: ../src/xfsbl_hooks.c'
' '
'Building file: ../src/xfsbl_partition_load.c'
'Invoking: ARM v8 gcc compiler'
aarch64-none-elf-gcc -DARMA53_64 -DFSBL_DEBUG_INFO -Wall -O0 -g3 -I"D:\TRENZ_TE0808\TE0808_Ethernet_2018.2\StarterKit\workspace\sdk\zusys_wrapper_hw_platform_0" -c -fmessage-length=0 -MT"src/xfsbl_partition_load.o" -Os -flto -ffat-lto-objects -I../../FSBL_bsp/psu_cortexa53_0/include -MMD -MP -MF"src/xfsbl_partition_load.d" -MT"src/xfsbl_partition_load.o" -o "src/xfsbl_partition_load.o" "../src/xfsbl_partition_load.c"
In file included from ../src/xfsbl_main.h:67:0,
                 from ../src/xfsbl_partition_load.c:74:
../../FSBL_bsp/psu_cortexa53_0/include/xtime_l.h:81:9: note: #pragma message: For the sleep routines, Global timer is being used
 #pragma message ("For the sleep routines, Global timer is being used")
         ^~~~~~~
'Finished building: ../src/xfsbl_partition_load.c'
' '
'Building target: FSBL.elf'
'Invoking: ARM v8 gcc linker'
aarch64-none-elf-gcc -Wl,-T -Wl,../src/lscript.ld -L../../FSBL_bsp/psu_cortexa53_0/lib -o "FSBL.elf"  ./src/psu_init.o ./src/si534x.o ./src/xfsbl_authentication.o ./src/xfsbl_board.o ./src/xfsbl_bs.o ./src/xfsbl_csu_dma.o ./src/xfsbl_dfu_util.o ./src/xfsbl_exit.o ./src/xfsbl_handoff.o ./src/xfsbl_hooks.o ./src/xfsbl_image_header.o ./src/xfsbl_initialization.o ./src/xfsbl_main.o ./src/xfsbl_misc.o ./src/xfsbl_misc_drivers.o ./src/xfsbl_nand.o ./src/xfsbl_partition_load.o ./src/xfsbl_plpartition_valid.o ./src/xfsbl_qspi.o ./src/xfsbl_rsa_sha.o ./src/xfsbl_sd.o ./src/xfsbl_translation_table.o ./src/xfsbl_usb.o   -Wl,--start-group,-lxil,-lgcc,-lc,--end-group -Wl,--start-group,-lxilffs,-lxil,-lgcc,-lc,--end-group -Wl,--start-group,-lxilsecure,-lxil,-lgcc,-lc,--end-group -Wl,--start-group,-lxilpm,-lxil,-lgcc,-lc,--end-group -n
'Finished building target: FSBL.elf'
' '
'Invoking: ARM v8 Print Size'
aarch64-none-elf-size FSBL.elf  |tee "FSBL.elf.size"
   text	   data	    bss	    dec	    hex	filename
 106336	   4872	  87160	 198368	  306e0	FSBL.elf
'Finished building: FSBL.elf.size'
' '

11:39:21 Build Finished (took 13s.374ms)

